// Jest Snapshot v1, https://goo.gl/fbAQLP

exports[`ErrorBox.vue renders error message 1`] = `
<b-alert-stub variant="warning" dismisslabel="Close" show="true">
  <h4>There was a problem ðŸ˜¥</h4>
  <div class="errmsg">
    This is an error
  </div>
</b-alert-stub>
`;
