// Jest Snapshot v1, https://goo.gl/fbAQLP

exports[`ProductCatalog.vue renders products in catalog 1`] = `
<div>
  <h1>All Products</h1>
  <!---->
  <div>
    <!---->
    <div class="card">
      <!---->
      <!---->
      <div class="card-body">
        <!---->
        <!---->
        <div class="row">
          <div class="col"><a href="/product/prd1" target="_self" class="">
              <h4 class="card-title">
                Top&nbsp;Hat&nbsp;(6″)
              </h4>
            </a>
            <p class="card-text">
              Made from 100% wool and quite nice
              <br><br>
            <h4>£39.95</h4>
            </p> <a role="button" aria-disabled="true" tabindex="-1" href="#" target="_self" class="btn d-none d-md-inline disabled btn-primary disabled">
              <fa icon="shopping-cart"></fa>
              &nbsp; Add to Cart
            </a>
          </div>
          <div class="flex-grow-0 d-none d-md-block col">
            <div class="product-img">
              <!----> <a href="/product/prd1" target="_self" class=""><img src="/img/catalog/1.jpg"></a></div>
          </div>
        </div>
      </div>
      <!---->
      <!---->
    </div>
    <div class="card">
      <!---->
      <!---->
      <div class="card-body">
        <!---->
        <!---->
        <div class="row">
          <div class="col"><a href="/product/prd2" target="_self" class="">
              <h4 class="card-title">
                Black &amp; Gold Tie Set
              </h4>
            </a>
            <p class="card-text">
              100% hand made silk includes tie, pocket square and cufflinks
              <br><br>
            <h4>£18</h4>
            </p> <a role="button" aria-disabled="true" tabindex="-1" href="#" target="_self" class="btn d-none d-md-inline disabled btn-primary disabled">
              <fa icon="shopping-cart"></fa>
              &nbsp; Add to Cart
            </a>
          </div>
          <div class="flex-grow-0 d-none d-md-block col">
            <div class="product-img"><span class="onsale">On Sale</span> <a href="/product/prd2" target="_self" class=""><img src="/img/catalog/2.jpg"></a></div>
          </div>
        </div>
      </div>
      <!---->
      <!---->
    </div>
    <div class="card">
      <!---->
      <!---->
      <div class="card-body">
        <!---->
        <!---->
        <div class="row">
          <div class="col"><a href="/product/prd3" target="_self" class="">
              <h4 class="card-title">
                Paisley Cravat Ascot Tie
              </h4>
            </a>
            <p class="card-text">
              Black &amp; Red Paisley Cravat
              <br><br>
            <h4>£11.2</h4>
            </p> <a role="button" aria-disabled="true" tabindex="-1" href="#" target="_self" class="btn d-none d-md-inline disabled btn-primary disabled">
              <fa icon="shopping-cart"></fa>
              &nbsp; Add to Cart
            </a>
          </div>
          <div class="flex-grow-0 d-none d-md-block col">
            <div class="product-img">
              <!----> <a href="/product/prd3" target="_self" class=""><img src="/img/catalog/3.jpg"></a></div>
          </div>
        </div>
      </div>
      <!---->
      <!---->
    </div>
  </div>
</div>
`;
