// Jest Snapshot v1, https://goo.gl/fbAQLP

exports[`ProductSingle.vue renders product details 1`] = `
<div>
  <h1>Product Details</h1>
  <!---->
  <!---->
  <div class="card">
    <!---->
    <!---->
    <div class="card-body">
      <!---->
      <!---->
      <div class="row d-flex">
        <div class="mb-3 col">
          <h4 class="card-title">
            Black &amp; Gold Tie Set
          </h4>
          <div class="onsale">
            On Sale
          </div> <br><br><br>
          100% hand made silk includes tie, pocket square and cufflinks
          <br><br>
          Â£18
          <br><br> <button id="addBut" type="button" disabled="disabled" class="btn btn-primary disabled">
            <fa icon="shopping-cart"></fa>
            &nbsp; Add to Cart
          </button>
        </div>
        <div class="col">
          <div class="product-img"><img src="/img/catalog/2.jpg"></div>
        </div>
      </div>
    </div>
    <!---->
    <!---->
  </div>
</div>
`;
