// Jest Snapshot v1, https://goo.gl/fbAQLP

exports[`ProductSearch.vue renders search for Ascot 1`] = `
<div>
  <h1>Search results for: <i>Ascot</i></h1>
  <!---->
  <div>
    <!---->
    <div class="card">
      <!---->
      <!---->
      <div class="card-body">
        <!---->
        <!---->
        <div class="row">
          <div class="col"><a href="#/product/prd3" class="" target="_self">
              <h4 class="card-title">
                Paisley Cravat Ascot Tie
              </h4>
            </a>
            <p class="card-text">
              Black &amp; Red Paisley Cravat
              <br><br>
            <h4>Â£11.2</h4>
            </p> <a role="button" aria-disabled="true" tabindex="-1" href="#" target="_self" class="btn d-none d-md-inline disabled btn-primary disabled">
              <fa icon="shopping-cart"></fa>
              &nbsp; Add to Cart
            </a>
          </div>
          <div class="flex-grow-0 d-none d-md-block col">
            <div class="product-img">
              <!----> <a href="#/product/prd3" class="" target="_self"><img src="/img/catalog/3.jpg"></a></div>
          </div>
        </div>
      </div>
      <!---->
      <!---->
    </div>
  </div>
</div>
`;
